FECHA      IDENTIFICACION                 CLIENTE                                                          ESTADO CTA                      TIPO EMPRESA 
---------- ------------------------------ ---------------------------------------------------------------- ------ ------------------------ ---- ------- 
08/01/2023 0990015449001                  INTACO ECUADOR S.A.                                              I      0005031742               C    8454    
08/01/2023 1101491338                     DR. IVAN TORRES ORDONEZ                                          I      0040010966               C    361     
08/02/2023 0993372383001                  PACIFIC RESTFOOD S.A.S.                                          I      0065064102               C    8453    
08/02/2023 1790008959001                  ACERO COMERCIAL ECUATORIANO*****                                 I      5009000787               C    8453    
08/03/2023 1790008959001                  ACERO COMERCIAL ECUATORIANO*****                                 I      5009000787               C    8453    
08/04/2023 0993370859001                  SABRIVICALE S.A.S.                                               I      0065064045               C    1127    
08/04/2023 0990015295001                  LA LLAVE S.A. DE COMERCIO*****                                   I      0000029056               C    1127    
08/04/2023 0992160616001                  COPECE - COLEGIO TORREMAR*****                                   I      0005020478               C    1127    
08/04/2023 0993208779001                  LABORATORIO CLINICO ESTRADA MEZA S.A. ESTRAMEZA                  I      0865020630               C    8454    
08/14/2023 0992768894001                  RUFORCORP S.A.                                                   I      0005323496               C    4981    
08/15/2023 0900483942                     KEPTI L. TINOCO M.                                               I      0015004648               C    361     
08/16/2023 0990841993001                  AGENCIA MARITIMA GLOBAL       MARGLOBAL S.A.*****                I      0005066793               C    8453    
08/16/2023 0990864802001                  CONSORSAN CONSTRUCTORA ORDONEZ Y SANMARTIN CIA. LTDA.            I      4001191321               A    8454    
08/22/2023 0916707888                     ALEXANDRA ARRIAGA JIMENEZ                                        I      0841060223               A    361     
08/22/2023 0908818529                     CECILIA GISELLA MARTINEZ FRANCO                                  I      0003905995               A    361     
08/23/2023 1791395190001                  NORTHERN LIGHT ECUADOR S.A.   NORLIGEC                           I      5025010377               C    8453    
08/28/2023 0905251518                     SARA DE FATIMA MOLINA JORDAN                                     I      1821134131               A    1127    
08/28/2023 1790985504001                  COMERCIAL ETATEX C.A.*****                                       I      5005018463               C    8454    
08/28/2023 0908818529                     CECILIA GISELLA MARTINEZ FRANCO                                  I      0003905995               A    8454    
08/29/2023 0902672047                     ENMA VICTORIA VIDAL MONTALVO                                     I      0851002399               A    361     
09/04/2023 0911095479                     CHANG GALLARDO JENNY CLEOTILDE                                   I      0040603926               A    361     
09/05/2023 1702930072                     BOLIVAR HUMBERTO HERNANDEZ BOA                                   I      0851060879               A    8454    
09/07/2023 1202016265                     ROSA DOMINGA SANCHEZ MORA                                        I      0003090971               A    8454    
09/08/2023 0910806371                     ALBA ALEXANDRA MOREIRA MURIEL                                    I      0951190224               A    1127    
09/08/2023 0991353119001                  INTERNATIONAL LABORATORIES    SERVICES INTERLAB S.A.*****        I      0815001191               C    361     
09/12/2023 1101491338                     DR. IVAN TORRES ORDONEZ                                          I      0040010966               C    8454    
09/13/2023 0906154760                     LOOR OCHOA WASHINGTON                                            I      0000717372               A    1127    
09/13/2023 0700625833                     CARLOS HERNAN OLAYA ROMAN                                        I      7001314441               A    361     
09/13/2023 0990299390001                  MUEBLES EL BOSQUE S. A.*****                                     I      0000017060               C    8453    
09/14/2023 0700625833                     CARLOS HERNAN OLAYA ROMAN                                        I      7001314441               A    361     
09/14/2023 0992153563001                  INTERNATIONAL WATER           SERVICES                           I      0005065383               C    8454    
09/14/2023 0992153563001                  INTERNATIONAL WATER           SERVICES                           I      0005065383               C    8454    
09/15/2023 1790105083001                  ACADEMIA COTOPAXI                                                I      5005101691               C    8453    
09/15/2023 1790105083001                  ACADEMIA COTOPAXI                                                I      5005101691               C    8453    
09/15/2023 1790105083001                  ACADEMIA COTOPAXI                                                I      5005101691               C    8453    
09/15/2023 1790105083001                  ACADEMIA COTOPAXI                                                I      5005101691               C    8453    
09/18/2023 0900483942                     KEPTI L. TINOCO M.                                               I      0015004648               C    825     
09/18/2023 0900483942                     KEPTI L. TINOCO M.                                               I      0015004648               C    8454    
09/18/2023 0903513224                     EMMA  VICENTA TOLEDO BRAVO                                       I      0031107211               A    8454    
09/18/2023 0902672047                     ENMA VICTORIA VIDAL MONTALVO                                     I      0851002399               A    8454    
09/18/2023 0916182942                     PABLO ISAIAS VELASQUEZ VARGAS                                    I      0931202400               A    8454    
09/20/2023 0791735106001                  CAMARONERA EL CISNE S.A. CAMACISNE                               I      3005020350               C    8454    
09/20/2023 1306694058                     MARIA ALEXANDRA AUXILIADORA CASTILLO ZAMBRANO                    I      1631241479               A    8453    
09/20/2023 1306694058                     MARIA ALEXANDRA AUXILIADORA CASTILLO ZAMBRANO                    I      1631241479               A    8453    
09/21/2023 0900332313                     VICTOR ARCESIO JARA ABAD / ZOILA ESPERANZA LUCIO ERAZO           I      0851010187               A    825     
09/22/2023 0904868866                     ELVIA MARY ORELLANA MOSQUERA                                     I      0851546219               A    361     
09/22/2023 0904868866                     ELVIA MARY ORELLANA MOSQUERA                                     I      0851546219               A    8454    
09/25/2023 0993372207001                  BOLONCORP S.A.S                                                  I      1755007287               C    8454    
09/25/2023 0700707169                     FRANCO TERREROS GONZALEZ*****                                    I      3000029945               C    4978    
09/25/2023 0700707169                     FRANCO TERREROS GONZALEZ*****                                    I      3000029945               C    4978    
09/25/2023 0924353055                     LIZZET DIOSELINA TOLEDO SANTILLAN                                I      1755006246               C    8454    
09/25/2023 0924353055                     LIZZET DIOSELINA TOLEDO SANTILLAN                                I      1755006246               C    8454    
09/25/2023 0902041607                     CARMEN AZUCENA MONCAYO G.  O JUAN PENA R.  A/F PRISCILA PENA M.  I      0821005581               A    8454    
09/25/2023 0902041607                     CARMEN AZUCENA MONCAYO G.  O JUAN PENA R.  A/F PRISCILA PENA M.  I      0821005581               A    8454    
09/26/2023 0941166100                     MORAN CHAVEZ JUSTYN RAFAEL                                       I      0941414834               A    361     
09/26/2023 0918359001                     RENATO JAVIER MANZANO ARAUJO                                     I      0021476475               A    361     
09/26/2023 0908197775                     VLADIMIR ARNALDO ORMAZA GONZAL                                   I      0021170767               A    361     
09/26/2023 0963870522                     GERARDO JOSE NAVARRO RODRIGUEZ                                   I      0003280341               A    361     
09/26/2023 0900332313                     VICTOR ARCESIO JARA ABAD / ZOILA ESPERANZA LUCIO ERAZO           I      0851010187               A    8454    
09/28/2023 0902016724                     BLANCA ROMERO GOVEA                                              I      0005272055               C    361     
09/28/2023 0902016724                     BLANCA ROMERO GOVEA                                              I      0005272055               C    361     
09/28/2023 0902016724                     BLANCA ROMERO GOVEA                                              I      0005272055               C    361     
09/28/2023 0902016724                     BLANCA ROMERO GOVEA                                              I      0005272055               C    361     
09/28/2023 0902016724                     BLANCA ROMERO GOVEA                                              I      0005272055               C    361     
09/28/2023 1790985504001                  COMERCIAL ETATEX C.A.*****                                       I      5005018463               C    8454    
09/29/2023 1710758382                     TANYA DOLORES LESCANO VALENCIA                                   I      5051121133               A    8453    
10/02/2023 0993372207001                  BOLONCORP S.A.S                                                  I      1755007287               C    8454    
10/03/2023 1792578620001                  FIDEICOMISO TEF                                                  I      5005076445               C    4977    
10/03/2023 1792578620001                  FIDEICOMISO TEF                                                  I      5005076445               C    4977    
10/03/2023 0918099227                     ROSA ELENA VASCONEZ BUSTAMANTE                                   I      0841124259               A    8454    
10/03/2023 0918209867                     RICARDO GASTON ACOSTA SANTILLAN                                  I      0931351078               A    8454    
10/04/2023 0902016724                     BLANCA ROMERO GOVEA                                              I      0005272055               C    8454    
10/05/2023 0991306625001                  PORTRANS S.A.*****                                               I      0005071669               C    8453    
10/06/2023 0993303305001                  PROMOCOIN S.A.                                                   I      0005325654               C    1127    
10/06/2023 1792578620001                  FIDEICOMISO TEF                                                  I      5005076445               C    4977    
10/06/2023 1792578620001                  FIDEICOMISO TEF                                                  I      5005076445               C    4977    
10/06/2023 0902016724                     BLANCA ROMERO GOVEA                                              I      0005272055               C    8454    
10/06/2023 0700707169                     FRANCO TERREROS GONZALEZ*****                                    I      3000029945               C    8454    
10/06/2023 1701546283                     JUAN AGUSTIN GUACHO GUADALUPE                                    I      1631104619               A    8453    
10/10/2023 1792578620001                  FIDEICOMISO TEF                                                  I      5005076445               C    4977    
10/10/2023 1792578620001                  FIDEICOMISO TEF                                                  I      5005076445               C    4977    
10/10/2023 1792578620001                  FIDEICOMISO TEF                                                  I      5005076445               C    4977    
10/10/2023 1793017703001                  MORCONELLO S.A.S                                                 I      5015022834               C    1127    
10/10/2023 0700707169                     FRANCO TERREROS GONZALEZ*****                                    I      3000029945               C    8454    
10/10/2023 0700707169                     FRANCO TERREROS GONZALEZ*****                                    I      3000029945               C    8454    
10/11/2023 0992716991001                  DUPADER S.A.                                                     I      0975005464               C    1127    
10/11/2023 0902016724                     BLANCA ROMERO GOVEA                                              I      0005272055               C    8454    
10/11/2023 0600645121                     JUANA DOLORES REMACHE GUALANCANAY                                I      1631241325               A    8453    
10/12/2023 0925960387                     JESUS MANZANO REGUILON                                           I      0841389945               A    1127    
10/12/2023 1790540626001                  ENI ECUADOR S.A*****                                             I      5000022243               C    8453    
10/12/2023 1790540626001                  ENI ECUADOR S.A*****                                             I      5000022243               C    8453    
10/12/2023 0916777543                     CARMEN ELENA MARTINEZ MORENO                                     I      0031230939               A    361     
10/12/2023 1709470411                     ELIZAVETA VEINBENDER RIPIAK                                      I      0061023409               A    1127    
10/13/2023 0993084603001                  CEDAP S.A                                                        I      0005309933               C    1127    
10/13/2023 0907298558                     JUANITA BAQUERO DE KOEHN                                         I      0005020359               C    8454    
10/13/2023 0700707169                     FRANCO TERREROS GONZALEZ*****                                    I      3000029945               C    8454    
10/13/2023 0791735106001                  CAMARONERA EL CISNE S.A. CAMACISNE                               I      3005020350               C    8454    
10/13/2023 0992596791001                  WRIGHT LEGAL SERVICES WRILESE S.A.                               I      0005270473               C    1127    
10/16/2023 1201694211                     MARIA DE JESUS GUZMAN OCHOA                                      I      2001095037               A    1127    
10/17/2023 1792578620001                  FIDEICOMISO TEF                                                  I      5005076445               C    4977    
10/17/2023 0991421343001                  ECUALIQUIDOS S.A.                                                I      0915032499               C    361     
10/17/2023 0991442316001                  INST. DIAGNOSTICO RADIOLOGICO ASO. INDRA S.A                     I      0855008370               C    8454    
10/18/2023 1792578620001                  FIDEICOMISO TEF                                                  I      5005076445               C    4977    
10/19/2023 0992450487001                  PHRIDDA S.A.*****                                                I      0015009755               C    8454    
10/19/2023 0908448723                     EDISON RUHST MUZZIO AROCA                                        I      0001666077               A    1127    
10/19/2023 0915716922                     MONROY MORENO SANDRA WENDY                                       I      0002712730               A    361     
10/20/2023 0910550292                     LUZ PATRICIA CAICEDO TROYA                                       I      0971041358               A    1127    
10/20/2023 0991442316001                  INST. DIAGNOSTICO RADIOLOGICO ASO. INDRA S.A                     I      0855008370               C    8454    
10/24/2023 1790540626001                  ENI ECUADOR S.A*****                                             I      5000022243               C    8454    
10/24/2023 1790540626001                  ENI ECUADOR S.A*****                                             I      5000022243               C    8454    
10/26/2023 0992434805001                    FRUTADELI S.A.                                                 I      0005202201               C    1330    
10/26/2023 0991421343001                  ECUALIQUIDOS S.A.                                                I      0915032499               C    8454    
10/26/2023 0151951415                     MYRON ANTHONY XAVIER D ABREO                                     I      4075013893               C    144     
10/26/2023 0990789061001                  DISTRIBUIDORA IMPORTADORA D.*****                                I      5005009483               C    1719    
10/26/2023 0990841993001                  AGENCIA MARITIMA GLOBAL       MARGLOBAL S.A.*****                I      0005066793               C    361     
10/27/2023 0700707169                     FRANCO TERREROS GONZALEZ*****                                    I      3000029945               C    8454    
10/30/2023 0990015449001                  INTACO ECUADOR S.A.                                              I      0005031742               C    8454    
10/30/2023 1790319857001                  PROCES. DE ALIMENTOS PRONACA.*****                               I      5005004664               C    144     
10/31/2023 0103171955                     LUIS ORDONEZ MACHUCA                                             I      4075017145               C    144     
10/31/2023 0700707169                     FRANCO TERREROS GONZALEZ*****                                    I      3000029945               C    8454    
