FECHA      IDENTIFICACION                 CLIENTE                                                          ESTADO CTA                      TIPO EMPRESA 
---------- ------------------------------ ---------------------------------------------------------------- ------ ------------------------ ---- ------- 
01/04/2024 1100623675                     LILIA FAVIOLA GONZALEZ OCHOA                                     I      0931268876               A    361     
01/08/2024 0991256148001                  PASSARELLI S.A.                                                  I      0005128141               C    1127    
01/08/2024 0927598169                     NICOLE ANDREA POTOSME                                            I      0005342204               C    8454    
01/08/2024 0991331573001                  ARCO VILLA DOS S.A.                                              I      0005301322               C    1127    
01/08/2024 0900064874                     LUIS ALBERTO SUAREZ YAGUAL                                       I      1741315164               A    8454    
01/11/2024 1704128196                     ARMANDO  SANDOVAL                                                I      1665005528               C    8453    
01/11/2024 1301291587                     ANTONIO MAXIMO GARCIA PARRALES                                   I      0002351682               A    1127    
01/11/2024 1790319857001                  PROCES. DE ALIMENTOS PRONACA.*****                               I      5005004664               C    8453    
01/11/2024 0992169389001                  CASA DE INCENTIVOS CIA. LTDA. CASINTOUR                          I      0003098647               A    8453    
01/15/2024 0992822732001                  FORTUFOREST S.A.                                                 I      0005270509               C    1127    
01/15/2024 0908937071                     CRISTINA VALLARINO CARBO*****                                    I      0030025639               C    361     
01/17/2024 0900721408                     MARIA C. VILASECA DE FLORIDO*****                                I      0005023589               C    1127    
01/18/2024 0915777809                     DAVID MANZO MERA                                                 I      0921058056               A    8454    
01/18/2024 0991256148001                  PASSARELLI S.A.                                                  I      0005128141               C    825     
01/18/2024 1790319857001                  PROCES. DE ALIMENTOS PRONACA.*****                               I      5005004664               C    825     
01/19/2024 0990634262001                  ATESEGU C.A.                                                     I      0005199662               C    361     
01/19/2024 1204118770                     CRISTIAN ANIBAL ASTUDILLO SOZA                                   I      2001124263               A    361     
01/22/2024 1793194127001                  EDIFICIO ALCAZAR CUMBAYA                                         I      1645014119               C    8453    
01/23/2024 0903647055                     MIREYA ZEVALLOS M.                                               I      0065067587               C    1127    
01/23/2024 0903644359                     FERNANDO SEMINARIO M.                                            I      0000015969               C    8454    
01/23/2024 0900305392                     DR. MIGUEL BABRA LYON                                            I      0000110695               C    8454    
01/23/2024 0906722731                     CZARNINSKI BAIER DANNY*****                                      I      0005102075               C    8454    
01/23/2024 0907855290                     GUSTAVO OTHON LINDAO CORDERO                                     I      0001250479               A    1127    
01/23/2024 0902580497                     FELIPE DAVID CAMPOS CARRILLO                                     I      0061070783               A    1127    
01/23/2024 0900721127                     JUAN G. VILASECA DE PRATI*****                                   I      0005021969               C    8454    
01/23/2024 0190055507001                  ALMACEN JUAN MONTERO C.LTDA.                                     I      4005035816               C    8454    
01/23/2024 0992153563001                  INTERNATIONAL WATER           SERVICES                           I      0005065383               C    8454    
01/23/2024 1201598552                     MAGDA  CECILIA GOMEZ ARIAS/ AF  DE  EDGAR  ENRIQUE  SANCHEZ      I      0041008541               A    361     
01/23/2024 1201598552                     MAGDA  CECILIA GOMEZ ARIAS/ AF  DE  EDGAR  ENRIQUE  SANCHEZ      I      0041008541               A    8454    
01/24/2024 0953283652                     TEODORO CHISESI                                                  I      0002921248               A    8454    
01/24/2024 0992419571001                  PROMOLUCKY S.A.                                                  I      0005225747               C    361     
01/24/2024 0905319398                     MARENA BRIONES V.                                                I      0001118175               A    8454    
01/24/2024 0992749474001                  BIOCHONGON S. A.                                                 I      0985008011               C    8454    
01/24/2024 0992651180001                  PROCARIOMART S.A.                                                I      0005241444               C    8454    
01/24/2024 0903644359                     FERNANDO SEMINARIO M.                                            I      0000015969               C    8454    
01/24/2024 0905537536                     CECILIA POLANCO GOMEZ                                            I      0005216417               C    8454    
01/24/2024 0908990070                     VOLKER MEINLSCHMIDT WENT                                         I      0005176140               C    8454    
01/24/2024 0900150996                     DRA.ELIZABETH BOLONA PAEZ                                        I      0005154119               C    8454    
01/24/2024 0100694173                     HERNAN PATRICIO LEON PENA                                        I      4071000265               A    8454    
01/24/2024 0905131082                     BERTHA DELIA NAVARRO CEDENO                                      I      0021046409               A    8454    
01/24/2024 0990322082001                  INMOBILIARIA YRIS C. LTDA                                        I      0005209202               C    8454    
01/24/2024 0917526410                     MONTANEZ MOSCOSO CAROLINA LUCIA                                  I      0851245149               A    8454    
01/24/2024 0190055507001                  ALMACEN JUAN MONTERO C.LTDA.                                     I      4005035816               C    8454    
01/24/2024 1790008959001                  ACERO COMERCIAL ECUATORIANO*****                                 I      5009000787               C    8454    
01/24/2024 0992153563001                  INTERNATIONAL WATER           SERVICES                           I      0005065383               C    8454    
01/24/2024 0910206424                     ING.MARIA MARTINEZ DE BENITEZ ELOY BENITES ARTEAGA               I      0855005157               C    8454    
01/24/2024 1700385915                     SONIA CECILIA RENDON BLACIO   O  MARY MC TEAGUE JAMES            I      0065002023               C    8454    
01/24/2024 1201598552                     MAGDA  CECILIA GOMEZ ARIAS/ AF  DE  EDGAR  ENRIQUE  SANCHEZ      I      0041008541               A    8454    
01/25/2024 0991317791001                  CENASE CIA. LTDA.                                                I      0005191444               C    8454    
01/25/2024 0992943343001                  FIDEI INMOB BELEN NORTE                                          I      0005293221               C    361     
01/30/2024 0992153563001                  INTERNATIONAL WATER           SERVICES                           I      0005065383               C    8454    
01/31/2024 1792220378001                  ANDEAN ECUADOR                                                   I      5005081078               C    8453    
02/01/2024 1101491338                     DR. IVAN TORRES ORDONEZ                                          I      0040010966               C    361     
02/02/2024 0906920962                     MARIA EMPERATRIZ RAMIREZ JIMENEZ                                 I      0851450417               A    361     
02/05/2024 0992153563001                  INTERNATIONAL WATER           SERVICES                           I      0005065383               C    8454    
02/07/2024 0992169389001                  CASINTOUR CIA. LTDA.*****                                        I      0005208247               C    8453    
02/08/2024 1101491338                     DR. IVAN TORRES ORDONEZ                                          I      0040010966               C    8454    
02/08/2024 1704389863                     ADOLFO EMILIO PATRICIO PUGA MALDONADO                            I      4011179657               A    144     
02/15/2024 17937536                       JAMES MICHAEL WOODS                                              I      4071082909               A    144     
02/15/2024 0993374556001                  COMPROTER S.A.S.                                                 I      0955035676               C    361     
02/15/2024 0101309862                     MIRIAM FLORES DE ALVARADO                                        I      0955027682               C    361     
02/15/2024 0904794260                     DROUET FLOR JOSE FRANCISCO                                       I      0021034443               A    361     
02/19/2024 0992641568001                    OREMANS S.A.                                                   I      0025043503               C    1127    
02/19/2024 0992942142001                  URBANIZACION  NAPOLI                                             I      0065059650               C    1127    
02/19/2024 0993379651001                  CORPORACION GLOVECAR S.A.S.                                      I      0005340860               C    8454    
02/19/2024 0100042522                     PIEDAD FLORES DE JARAMILLO    Y/O SONIA JARAMILLO FLORES         I      4005002997               C    144     
02/20/2024 1704426715                     ANDRES TOAPANTA SIMBA¥A                                          I      1681012809               A    8453    
02/21/2024 0900450263                     CARLOS JAIME ACOSTA COBOS                                        I      7001053847               A    8454    
02/21/2024 0908754245                     ISAIAS GERARDO FILIAN CRUZ                                       I      0011275439               A    8454    
02/21/2024 1790354121001                  PWC ASESORES EMPRESARIALES    CIA. LTDA.                         I      5005046251               C    361     
02/23/2024 0908754245                     ISAIAS GERARDO FILIAN CRUZ                                       I      0011275439               A    8454    
02/23/2024 0903245447                     ENRIQUE MOLINA DE O/          GLORIA DE MOLINA                   I      0000070797               C    1127    
02/26/2024 0953283652                     TEODORO CHISESI                                                  I      0002921248               A    825     
02/26/2024 0902374131                     ULISES SEGUNDO NU¥EZ VILLACIS                                    I      0021886405               A    361     
02/26/2024 0902374131                     ULISES SEGUNDO NU¥EZ VILLACIS                                    I      0021886405               A    8454    
02/26/2024 0924869241                     MENDOZA CAMPODONICO LUIS FELIPE                                  I      0981389050               A    361     
02/29/2024 0993379651001                  CORPORACION GLOVECAR S.A.S.                                      I      0005340860               C    8454    
