PGTV       334         EMPRESA DE TELEVISION SATELCOM S.A.                                                                  
CCAQ       360         EMP.METROPOLITANA DE AGUA POTA                                                                       
CCAM       6           AGUAS DE SAMBORONDON AMAGUA C.E.M.                                                                   
INAG       361         INTERNATIONAL WATER SERVICES (GUAYAQUIL) INTERAGUA C. LTDA                                           
PGTV       337         EMPRESA DE TELEVISION SATELCOM S.A.                                                                  
PGTV       338         EMPRESA DE TELEVISION SATELCOM S.A.                                                                  
PGTV       843         TEVECABLE S.A.                                                                                       
CCSD       331         CNEL SANTO DOMINGO                                                                                   
CRCS       144         EMP ELECTRICA REGIONAL CENTRO SUR                                                                    
PGTV       664         EMPRESA DE TELEVISION SATELCOM S.A.                                                                  
TELC       1089        MEGADATOS S.A.                                                                                       
UESS       1125        UNIVERSIDAD PARTICULAR DE ESPECIALIDADES ESPIRITU SANTO                                              
CNEM       1127        CNEL GUAYAS LOS RIOS                                                                                 
CCMI       1330        CNEL MILAGRO                                                                                         
CCEQ       1371        EMPRESA ELECTRICA DE QUITO S.A.                                                                      
DTPH       1410        TPI TERMINAL PORTUARIO INTERNACIONAL PUERTO HONDO                                                    
PIMP       1433        MUY ILUSTRE MUNICIPIO DE GUAYAQUIL                                                                   
EAGU       1708        ETAPA AGUA                                                                                           
EMMA       1719        CNEL MANABI                                                                                          
PGTV       1538        SERVICIOS DE TELECOMUNICACIONES SETEL S.A.                                                           
PMSE       2235        M.I.MUNICIPALIDAD DE SANTA ELENA                                                                     
PGTV       2443        TEVECABLE S.A.                                                                                       
PGTV       2445        TV CABLE IBARRA                                                                                      
PGTV       2451        TV CABLE TULCAN                                                                                      
PGTV       2452        EMPRESA DE TELEVISION SATELCOM S.A.                                                                  
PMLB       2236        I. MUNICIPIO LA LIBERTAD                                                                             
PCTG       2572        COMISION DE TRANSITO DEL ECUADOR                                                                     
PDPR       115         ALMACENES DE PRATI S.A.                                                                              
CNTS       112         CORPORACION NACIONAL DE TELECOMUNICACIONES - CNT EP                                                  
CNTP       113         CORPORACION NACIONAL DE TELECOMUNICACIONES - CNT EP                                                  
DTTC       4161        TERMINAL DE CARGAS DEL ECUADOR S.A. TERMICARGA                                                       
CCES       4977        CNEL ESMERALDAS                                                                                      
COMG       451         AGENCIA MARITIMA GLOBAL MARGLOBAL S.A.                                                               
EMEL       1           EMPRESA ELECTRICA PUBLICA DE GUAYAQUIL EP                                                            
CDCP       38          CONSORCIO ECUATORIANO DE TELECOMUNICACIONES S.A. CONECEL                                             
CCLR       4981        CNEL LOS RIOS                                                                                        
CNMP       5482        CORPORACION NACIONAL DE TELECOMUNICACIONES - CNT EP                                                  
IESS       2494        IESS-OBLIGACIONES PATRONALES                                                                         
CPCC       118         CONSORCIO ECUATORIANO DE TELECOMUNICACIONES S.A. CONECEL                                             
PATC       41          CREDIMATIC S.A.                                                                                      
PGTV       1539        SERVICIOS DE TELECOMUNICACIONES SETEL S.A.                                                           
PGTV       1541        SERVICIO DE TELECOMUNICACIONES SETEL S.A.                                                            
PGTV       1543        SURAMERICANA DE TELECOMUNICACIONES SURATEL S.A.                                                      
PGTV       1545        SURAMERICANA DE TELECOMUNICACIONES SURATEL S.A.                                                      
PGTV       1540        SERVICIOS DE TELECOMUNICACIONES SETEL S.A.                                                           
PMSM       2319        I.MUNICIPIO DE SAMBORONDON                                                                           
PMSL       2237        I MUNICIPALIDAD DEL CANTON SALINAS                                                                   
CCEO       4978        CNEL EL ORO                                                                                          
CTVS       5994        CONSORCIO ECUATORIANO DE TELECOMUNICACIONES S.A. CONECEL                                             
ECUT       156         ECUADORTELECOM S.A.                                                                                  
ECUT       42          ECUADORTELECOM S.A.                                                                                  
PGTV       6067        SERVICIOS DE TELECOMUNICACIONES SETEL S.A.                                                           
PGTV       335         EMPRESA DE TELEVISION SATELCOM S.A.                                                                  
PACT       3           CORPORACION NACIONAL DE TELECOMUNICACIONES - CNT EP                                                  
EMTG       6388        AUTORIDAD DE TRANSITO MUNICIPAL                                                                      
PGTV       7068        SERVICIOS DE TELECOMUNICACIONES SETEL S.A.                                                           
BELC       7256        BELCORP/GRUPO TRANSBEL S.A.                                                                          
PGTV       7730        EMPRESA DE TELEVISION SATELCOM S.A.                                                                  
PGTV       7731        SERVICIOS DE TELECOMUNICACIONES SETEL S.A.                                                           
PGTV       7732        SURAMERICANA DE TELECOMUNICACIONES S.A. (SURATEL)                                                    
ETVP       6951        Empresa Publica Municipal de Telecomunicaciones, Agua, potable,Alcantarillado y saneamiento de Cuenc 
EINT       6952        Empresa Publica Municipal de Telecomunicaciones, Agua, potable,Alcantarillado y saneamiento de Cuenc 
UTPL       8090        UNIVERSIDAD TECNICA PARTICULAR DE LOJA                                                               
MATV       2           SRI Matr¡cula Vehicular                                                                              
PGTV       1299        SURAMERICANA DE TELECOMUNICACIONES S.A. SURATEL                                                      
PGTV       336         EMPRESA DE TELEVISION SATELCOM                                                                       
PGTV       2444        TV CABLE RIOBAMBA                                                                                    
PGTV       8316        SERVICIOS DE TELECOMUNICACIONES SETEL S.A.                                                           
DTVP       5488        DIRECTV ECUADOR C. LTDA                                                                              
POFP       8368        SERVICIO DE RENTAS INTERNAS DEL ECUADOR                                                              
RISE       8369        SERVICIO DE RENTAS INTERNAS DEL ECUADOR                                                              
CCEQ       8453        EMPRESA ELECTRICA DE QUITO                                                                           
CCGU       8454        CNEL GUAYAQUIL                                                                                       
CNEM       8455        CNEL GUAYAS - LOS RIOS                                                                               
CCES       8458        CNEL ESMERALDAS                                                                                      
DMPY       8460        PYCCA S.A.                                                                                           
TPCV       8461        CORREDOR VIAL DE LA COSTA CVIALCO S.A.                                                               
DEPT       1928        CONTECON GUAYAQUIL S.A.                                                                              
CSVF       8521        CONSORCIO ECUATORIANO DE TELECOMUNICACIONES S.A. CONECEL                                             
CDCF       8523        CONSORCIO ECUATORIANO DE TELECOMUNICACIONES S.A. CONECEL                                             
DTAG       912         ANDIPUERTO GUAYAQUIL                                                                                 
CCSE       825         CNEL SANTA ELENA                                                                                     
CCGU       7113        CNEL GUAYAQUIL                                                                                       
ETEL       1707        ETAPA TELEFONO                                                                                       
CPMQ       1417        MUNICIPIO DEL DISTRITO METROPOLITANO DE QUITO                                                        
CPBP       8688        PRIMAX COMERCIAL DEL ECUADOR S.A.                                                                    
CNTT       182         CORPORACION NACIONAL DE TELECOMUNICACIONES - CNT EP                                                  
PGTV       1546        SURAMERICANA DE TELECOMUNICACIONES SURATEL S.A.                                                      
PGTV       7733        TEVECABLE S.A.                                                                                       
PGTV       7070        SERVICIOS DE TELECOMUNICACIONES SETEL S.A.                                                           
CCAP       4           AGUA DE LA PENINSULA AGUAPEN                                                                         
PDPR       1753        JUNTA DE BENEFICENCIA DE GUAYAQUIL 1753                                                              
DTAD       185         ADAPAUSTRO S.A.                                                                                      
DTIN       8976        INARPI S.A.                                                                                          
DTPB       8978        EMPRESA DE BODEGAS BODPUYANGO CIA. LTDA.                                                             
DTEG       5676        ECUATORIANA DE GRANOS S.A. ECUAGRAN                                                                  
DTCX       9050        SERVICIOS LOGISTICOS INTEGRADOS COIMPEXA CIA. LTDA.                                                  
MCEP       7749        MUNICIPIO DE GUAYAQUIL                                                                               
UECO       6087        UNIVERSIDAD TECNOLOGICA ECOTEC                                                                       
DTPM       8635        TERMINAL PORTUARIO DE MANTA TPM S.A.                                                                 
DTEC       9001        ECUABULK S.A.                                                                                        
DTII       9673        INTERCARGA INTERNACIONAL DE CARGA S.A.                                                               
DTCS       1556        CARGO SERVICE S.A. "CARAIR"                                                                          
DMSC       6930        MEDITERRANEAN SHIPPING COMPANY DEL ECUADOR COMPANIA ANONIMA EMESSEA                                  
DART       26          ARETINA S.A.                                                                                         
PGTV       10282       SERVICIOS DE TELECOMUNICACIONES SETEL S.A.                                                           
PGTV       11301       TVCABLE TELEFONIA (SETEL) DURAN                                                                      
DTQC       13213       QC TERMINALES ECUADOR SA QCTE                                                                        
PGTV       14120       SERVICIOS DE TELECOMUNICACIONES SETEL S.A.                                                           
PGTV       14121       TEVECABLE S.A.                                                                                       
PGTV       14122       SERVICIOS DE TELECOMUNICACIONES SETEL S.A.                                                           
CCUE       1348        UNIVERSIDAD CATOLICA DE CUENCA                                                                       
DCTI       17072       TIENDAS INDUSTRIALES ASOCIADAS (TIA) S.A.                                                            
DTDM       17513       DTA MUZA S.A.S.                                                                                      
TRCN       8459        TERCON TERMINALES DE CONTENEDORES                                                                    
TRCN       20717       CMA CGM ECUADOR S.A. (NUEVO)                                                                         
ANT        18786       AGENCIA NACIONAL DE TRANSITO                                                                         
ECUA       21980       MEGADATOS S.A.                                                                                       
AMGF       22204       AGUA DE SAMBORONDON AMAGUA C.E.M.                                                                    
ITRB       8269        INTERNATIONAL WATER SERVICES (GUAYAQUIL) INTERAGUA C. LTDA.                                          
MRGB       22289       AGENCIA MARITIMA GLOBAL, MARGLOBAL S.A.                                                              
