FECHA      IDENTIFICACION                 CLIENTE                                                          ESTADO CTA                      TIPO EMPRESA 
---------- ------------------------------ ---------------------------------------------------------------- ------ ------------------------ ---- ------- 
08/01/2023 1101491338                     DR. IVAN TORRES ORDONEZ                                          I      0040010966               C    361     
08/01/2023 0990015449001                  INTACO ECUADOR S.A.                                              I      0005031742               C    8454    
08/02/2023 1790008959001                  ACERO COMERCIAL ECUATORIANO*****                                 I      5009000787               C    8453    
08/02/2023 0993372383001                  PACIFIC RESTFOOD S.A.S.                                          I      0065064102               C    8453    
08/03/2023 1790008959001                  ACERO COMERCIAL ECUATORIANO*****                                 I      5009000787               C    8453    
08/04/2023 0993370859001                  SABRIVICALE S.A.S.                                               I      0065064045               C    1127    
08/04/2023 0992160616001                  COPECE - COLEGIO TORREMAR*****                                   I      0005020478               C    1127    
08/04/2023 0993208779001                  LABORATORIO CLINICO ESTRADA MEZA S.A. ESTRAMEZA                  I      0865020630               C    8454    
08/04/2023 0990015295001                  LA LLAVE S.A. DE COMERCIO*****                                   I      0000029056               C    1127    
08/14/2023 0992768894001                  RUFORCORP S.A.                                                   I      0005323496               C    4981    
08/15/2023 0900483942                     KEPTI L. TINOCO M.                                               I      0015004648               C    361     
08/16/2023 0990864802001                  CONSORSAN CONSTRUCTORA ORDONEZ Y SANMARTIN CIA. LTDA.            I      4001191321               A    8454    
08/16/2023 0990841993001                  AGENCIA MARITIMA GLOBAL       MARGLOBAL S.A.*****                I      0005066793               C    8453    
08/22/2023 0908818529                     CECILIA GISELLA MARTINEZ FRANCO                                  I      0003905995               A    361     
08/22/2023 0916707888                     ALEXANDRA ARRIAGA JIMENEZ                                        I      0841060223               A    361     
08/23/2023 1791395190001                  NORTHERN LIGHT ECUADOR S.A.   NORLIGEC                           I      5025010377               C    8453    
08/28/2023 0905251518                     SARA DE FATIMA MOLINA JORDAN                                     I      1821134131               A    1127    
08/28/2023 0908818529                     CECILIA GISELLA MARTINEZ FRANCO                                  I      0003905995               A    8454    
08/28/2023 1790985504001                  COMERCIAL ETATEX C.A.*****                                       I      5005018463               C    8454    
08/29/2023 0902672047                     ENMA VICTORIA VIDAL MONTALVO                                     I      0851002399               A    361     
09/04/2023 0911095479                     CHANG GALLARDO JENNY CLEOTILDE                                   I      0040603926               A    361     
09/05/2023 1702930072                     BOLIVAR HUMBERTO HERNANDEZ BOA                                   I      0851060879               A    8454    
09/07/2023 1202016265                     ROSA DOMINGA SANCHEZ MORA                                        I      0003090971               A    8454    
09/08/2023 0910806371                     ALBA ALEXANDRA MOREIRA MURIEL                                    I      0951190224               A    1127    
09/08/2023 0991353119001                  INTERNATIONAL LABORATORIES    SERVICES INTERLAB S.A.*****        I      0815001191               C    361     
09/12/2023 1101491338                     DR. IVAN TORRES ORDONEZ                                          I      0040010966               C    8454    
09/13/2023 0906154760                     LOOR OCHOA WASHINGTON                                            I      0000717372               A    1127    
09/13/2023 0990299390001                  MUEBLES EL BOSQUE S. A.*****                                     I      0000017060               C    8453    
09/13/2023 0700625833                     CARLOS HERNAN OLAYA ROMAN                                        I      7001314441               A    361     
09/14/2023 0700625833                     CARLOS HERNAN OLAYA ROMAN                                        I      7001314441               A    361     
09/14/2023 0992153563001                  INTERNATIONAL WATER           SERVICES                           I      0005065383               C    8454    
09/14/2023 0992153563001                  INTERNATIONAL WATER           SERVICES                           I      0005065383               C    8454    
09/15/2023 1790105083001                  ACADEMIA COTOPAXI                                                I      5005101691               C    8453    
09/15/2023 1790105083001                  ACADEMIA COTOPAXI                                                I      5005101691               C    8453    
09/15/2023 1790105083001                  ACADEMIA COTOPAXI                                                I      5005101691               C    8453    
09/15/2023 1790105083001                  ACADEMIA COTOPAXI                                                I      5005101691               C    8453    
09/18/2023 0900483942                     KEPTI L. TINOCO M.                                               I      0015004648               C    8454    
09/18/2023 0900483942                     KEPTI L. TINOCO M.                                               I      0015004648               C    825     
09/18/2023 0902672047                     ENMA VICTORIA VIDAL MONTALVO                                     I      0851002399               A    8454    
09/18/2023 0916182942                     PABLO ISAIAS VELASQUEZ VARGAS                                    I      0931202400               A    8454    
09/18/2023 0903513224                     EMMA  VICENTA TOLEDO BRAVO                                       I      0031107211               A    8454    
09/20/2023 0791735106001                  CAMARONERA EL CISNE S.A. CAMACISNE                               I      3005020350               C    8454    
09/20/2023 1306694058                     MARIA ALEXANDRA AUXILIADORA CASTILLO ZAMBRANO                    I      1631241479               A    8453    
09/20/2023 1306694058                     MARIA ALEXANDRA AUXILIADORA CASTILLO ZAMBRANO                    I      1631241479               A    8453    
09/21/2023 0900332313                     VICTOR ARCESIO JARA ABAD / ZOILA ESPERANZA LUCIO ERAZO           I      0851010187               A    825     
09/22/2023 0904868866                     ELVIA MARY ORELLANA MOSQUERA                                     I      0851546219               A    8454    
09/22/2023 0904868866                     ELVIA MARY ORELLANA MOSQUERA                                     I      0851546219               A    361     
09/25/2023 0924353055                     LIZZET DIOSELINA TOLEDO SANTILLAN                                I      1755006246               C    8454    
09/25/2023 0924353055                     LIZZET DIOSELINA TOLEDO SANTILLAN                                I      1755006246               C    8454    
09/25/2023 0993372207001                  BOLONCORP S.A.S                                                  I      1755007287               C    8454    
09/25/2023 0700707169                     FRANCO TERREROS GONZALEZ*****                                    I      3000029945               C    4978    
09/25/2023 0700707169                     FRANCO TERREROS GONZALEZ*****                                    I      3000029945               C    4978    
09/25/2023 0902041607                     CARMEN AZUCENA MONCAYO G.  O JUAN PENA R.  A/F PRISCILA PENA M.  I      0821005581               A    8454    
09/25/2023 0902041607                     CARMEN AZUCENA MONCAYO G.  O JUAN PENA R.  A/F PRISCILA PENA M.  I      0821005581               A    8454    
09/26/2023 0900332313                     VICTOR ARCESIO JARA ABAD / ZOILA ESPERANZA LUCIO ERAZO           I      0851010187               A    8454    
09/26/2023 0908197775                     VLADIMIR ARNALDO ORMAZA GONZAL                                   I      0021170767               A    361     
09/26/2023 0918359001                     RENATO JAVIER MANZANO ARAUJO                                     I      0021476475               A    361     
09/26/2023 0941166100                     MORAN CHAVEZ JUSTYN RAFAEL                                       I      0941414834               A    361     
09/26/2023 0963870522                     GERARDO JOSE NAVARRO RODRIGUEZ                                   I      0003280341               A    361     
09/28/2023 0902016724                     BLANCA ROMERO GOVEA                                              I      0005272055               C    361     
09/28/2023 0902016724                     BLANCA ROMERO GOVEA                                              I      0005272055               C    361     
09/28/2023 0902016724                     BLANCA ROMERO GOVEA                                              I      0005272055               C    361     
09/28/2023 0902016724                     BLANCA ROMERO GOVEA                                              I      0005272055               C    361     
09/28/2023 0902016724                     BLANCA ROMERO GOVEA                                              I      0005272055               C    361     
09/28/2023 1790985504001                  COMERCIAL ETATEX C.A.*****                                       I      5005018463               C    8454    
09/29/2023 1710758382                     TANYA DOLORES LESCANO VALENCIA                                   I      5051121133               A    8453    

(66 row(s) affected)

